// Jest Snapshot v1, https://goo.gl/fbAQLP

exports[`Not Found renders without changing 1`] = `
ShallowWrapper {
  Symbol(enzyme.__root__): [Circular],
  Symbol(enzyme.__unrendered__): <NotFound />,
  Symbol(enzyme.__renderer__): Object {
    "batchedUpdates": [Function],
    "checkPropTypes": [Function],
    "getNode": [Function],
    "render": [Function],
    "simulateError": [Function],
    "simulateEvent": [Function],
    "unmount": [Function],
  },
  Symbol(enzyme.__node__): Object {
    "instance": null,
    "key": undefined,
    "nodeType": "class",
    "props": Object {
      "children": Array [
        <WithStyles(WithStyles(Typography))
          variant="h3"
        >
          Page Not Found
        </WithStyles(WithStyles(Typography))>,
        <WithStyles(WithStyles(Typography))
          variant="h6"
        >
          (Wait, how did you get here?)
        </WithStyles(WithStyles(Typography))>,
      ],
    },
    "ref": null,
    "rendered": Array [
      Object {
        "instance": null,
        "key": undefined,
        "nodeType": "class",
        "props": Object {
          "children": "Page Not Found",
          "variant": "h3",
        },
        "ref": null,
        "rendered": "Page Not Found",
        "type": [Function],
      },
      Object {
        "instance": null,
        "key": undefined,
        "nodeType": "class",
        "props": Object {
          "children": "(Wait, how did you get here?)",
          "variant": "h6",
        },
        "ref": null,
        "rendered": "(Wait, how did you get here?)",
        "type": [Function],
      },
    ],
    "type": [Function],
  },
  Symbol(enzyme.__nodes__): Array [
    Object {
      "instance": null,
      "key": undefined,
      "nodeType": "class",
      "props": Object {
        "children": Array [
          <WithStyles(WithStyles(Typography))
            variant="h3"
          >
            Page Not Found
          </WithStyles(WithStyles(Typography))>,
          <WithStyles(WithStyles(Typography))
            variant="h6"
          >
            (Wait, how did you get here?)
          </WithStyles(WithStyles(Typography))>,
        ],
      },
      "ref": null,
      "rendered": Array [
        Object {
          "instance": null,
          "key": undefined,
          "nodeType": "class",
          "props": Object {
            "children": "Page Not Found",
            "variant": "h3",
          },
          "ref": null,
          "rendered": "Page Not Found",
          "type": [Function],
        },
        Object {
          "instance": null,
          "key": undefined,
          "nodeType": "class",
          "props": Object {
            "children": "(Wait, how did you get here?)",
            "variant": "h6",
          },
          "ref": null,
          "rendered": "(Wait, how did you get here?)",
          "type": [Function],
        },
      ],
      "type": [Function],
    },
  ],
  Symbol(enzyme.__options__): Object {
    "adapter": ReactSixteenAdapter {
      "options": Object {
        "enableComponentDidUpdateOnSetState": true,
        "legacyContextMode": "parent",
        "lifecycles": Object {
          "componentDidUpdate": Object {
            "onSetState": true,
          },
          "getChildContext": Object {
            "calledByRenderer": false,
          },
          "getDerivedStateFromProps": Object {
            "hasShouldComponentUpdateBug": false,
          },
          "getSnapshotBeforeUpdate": true,
          "setState": Object {
            "skipsComponentDidUpdateOnNullish": true,
          },
        },
      },
    },
  },
}
`;
