// Jest Snapshot v1, https://goo.gl/fbAQLP

exports[`Header renders without changing 1`] = `
ShallowWrapper {
  Symbol(enzyme.__root__): [Circular],
  Symbol(enzyme.__unrendered__): <Header />,
  Symbol(enzyme.__renderer__): Object {
    "batchedUpdates": [Function],
    "checkPropTypes": [Function],
    "getNode": [Function],
    "render": [Function],
    "simulateError": [Function],
    "simulateEvent": [Function],
    "unmount": [Function],
  },
  Symbol(enzyme.__node__): Object {
    "instance": null,
    "key": undefined,
    "nodeType": "class",
    "props": Object {
      "children": Array [
        <Hidden
          implementation="js"
          lgDown={false}
          lgUp={false}
          mdDown={false}
          mdUp={false}
          smDown={true}
          smUp={false}
          xlDown={false}
          xlUp={false}
          xsDown={false}
          xsUp={false}
        >
          <DesktopNav
            isAuthenticated={false}
            routes={
              Array [
                Object {
                  "exact": true,
                  "name": "Home",
                  "path": "/",
                },
                Object {
                  "authRequired": true,
                  "name": "Dashboard",
                  "path": "/dashboard",
                },
                Object {
                  "name": "About Us",
                  "path": "/about",
                },
                Object {
                  "name": "Membership",
                  "path": "/membership",
                },
                Object {
                  "name": "Events",
                  "path": "/events",
                },
                Object {
                  "name": "Shop",
                  "path": "/shop",
                },
              ]
            }
          />
        </Hidden>,
        <Hidden
          implementation="js"
          lgDown={false}
          lgUp={false}
          mdDown={false}
          mdUp={true}
          smDown={false}
          smUp={false}
          xlDown={false}
          xlUp={false}
          xsDown={false}
          xsUp={false}
        >
          <MobileNav
            isAuthenticated={false}
            routes={
              Array [
                Object {
                  "exact": true,
                  "name": "Home",
                  "path": "/",
                },
                Object {
                  "authRequired": true,
                  "name": "Dashboard",
                  "path": "/dashboard",
                },
                Object {
                  "name": "About Us",
                  "path": "/about",
                },
                Object {
                  "name": "Membership",
                  "path": "/membership",
                },
                Object {
                  "name": "Events",
                  "path": "/events",
                },
                Object {
                  "name": "Shop",
                  "path": "/shop",
                },
              ]
            }
          />
        </Hidden>,
      ],
      "scrolled": false,
    },
    "ref": null,
    "rendered": Array [
      Object {
        "instance": null,
        "key": undefined,
        "nodeType": "function",
        "props": Object {
          "children": <DesktopNav
            isAuthenticated={false}
            routes={
              Array [
                Object {
                  "exact": true,
                  "name": "Home",
                  "path": "/",
                },
                Object {
                  "authRequired": true,
                  "name": "Dashboard",
                  "path": "/dashboard",
                },
                Object {
                  "name": "About Us",
                  "path": "/about",
                },
                Object {
                  "name": "Membership",
                  "path": "/membership",
                },
                Object {
                  "name": "Events",
                  "path": "/events",
                },
                Object {
                  "name": "Shop",
                  "path": "/shop",
                },
              ]
            }
          />,
          "implementation": "js",
          "lgDown": false,
          "lgUp": false,
          "mdDown": false,
          "mdUp": false,
          "smDown": true,
          "smUp": false,
          "xlDown": false,
          "xlUp": false,
          "xsDown": false,
          "xsUp": false,
        },
        "ref": null,
        "rendered": Object {
          "instance": null,
          "key": undefined,
          "nodeType": "function",
          "props": Object {
            "isAuthenticated": false,
            "routes": Array [
              Object {
                "exact": true,
                "name": "Home",
                "path": "/",
              },
              Object {
                "authRequired": true,
                "name": "Dashboard",
                "path": "/dashboard",
              },
              Object {
                "name": "About Us",
                "path": "/about",
              },
              Object {
                "name": "Membership",
                "path": "/membership",
              },
              Object {
                "name": "Events",
                "path": "/events",
              },
              Object {
                "name": "Shop",
                "path": "/shop",
              },
            ],
          },
          "ref": null,
          "rendered": null,
          "type": [Function],
        },
        "type": [Function],
      },
      Object {
        "instance": null,
        "key": undefined,
        "nodeType": "function",
        "props": Object {
          "children": <MobileNav
            isAuthenticated={false}
            routes={
              Array [
                Object {
                  "exact": true,
                  "name": "Home",
                  "path": "/",
                },
                Object {
                  "authRequired": true,
                  "name": "Dashboard",
                  "path": "/dashboard",
                },
                Object {
                  "name": "About Us",
                  "path": "/about",
                },
                Object {
                  "name": "Membership",
                  "path": "/membership",
                },
                Object {
                  "name": "Events",
                  "path": "/events",
                },
                Object {
                  "name": "Shop",
                  "path": "/shop",
                },
              ]
            }
          />,
          "implementation": "js",
          "lgDown": false,
          "lgUp": false,
          "mdDown": false,
          "mdUp": true,
          "smDown": false,
          "smUp": false,
          "xlDown": false,
          "xlUp": false,
          "xsDown": false,
          "xsUp": false,
        },
        "ref": null,
        "rendered": Object {
          "instance": null,
          "key": undefined,
          "nodeType": "function",
          "props": Object {
            "isAuthenticated": false,
            "routes": Array [
              Object {
                "exact": true,
                "name": "Home",
                "path": "/",
              },
              Object {
                "authRequired": true,
                "name": "Dashboard",
                "path": "/dashboard",
              },
              Object {
                "name": "About Us",
                "path": "/about",
              },
              Object {
                "name": "Membership",
                "path": "/membership",
              },
              Object {
                "name": "Events",
                "path": "/events",
              },
              Object {
                "name": "Shop",
                "path": "/shop",
              },
            ],
          },
          "ref": null,
          "rendered": null,
          "type": [Function],
        },
        "type": [Function],
      },
    ],
    "type": [Function],
  },
  Symbol(enzyme.__nodes__): Array [
    Object {
      "instance": null,
      "key": undefined,
      "nodeType": "class",
      "props": Object {
        "children": Array [
          <Hidden
            implementation="js"
            lgDown={false}
            lgUp={false}
            mdDown={false}
            mdUp={false}
            smDown={true}
            smUp={false}
            xlDown={false}
            xlUp={false}
            xsDown={false}
            xsUp={false}
          >
            <DesktopNav
              isAuthenticated={false}
              routes={
                Array [
                  Object {
                    "exact": true,
                    "name": "Home",
                    "path": "/",
                  },
                  Object {
                    "authRequired": true,
                    "name": "Dashboard",
                    "path": "/dashboard",
                  },
                  Object {
                    "name": "About Us",
                    "path": "/about",
                  },
                  Object {
                    "name": "Membership",
                    "path": "/membership",
                  },
                  Object {
                    "name": "Events",
                    "path": "/events",
                  },
                  Object {
                    "name": "Shop",
                    "path": "/shop",
                  },
                ]
              }
            />
          </Hidden>,
          <Hidden
            implementation="js"
            lgDown={false}
            lgUp={false}
            mdDown={false}
            mdUp={true}
            smDown={false}
            smUp={false}
            xlDown={false}
            xlUp={false}
            xsDown={false}
            xsUp={false}
          >
            <MobileNav
              isAuthenticated={false}
              routes={
                Array [
                  Object {
                    "exact": true,
                    "name": "Home",
                    "path": "/",
                  },
                  Object {
                    "authRequired": true,
                    "name": "Dashboard",
                    "path": "/dashboard",
                  },
                  Object {
                    "name": "About Us",
                    "path": "/about",
                  },
                  Object {
                    "name": "Membership",
                    "path": "/membership",
                  },
                  Object {
                    "name": "Events",
                    "path": "/events",
                  },
                  Object {
                    "name": "Shop",
                    "path": "/shop",
                  },
                ]
              }
            />
          </Hidden>,
        ],
        "scrolled": false,
      },
      "ref": null,
      "rendered": Array [
        Object {
          "instance": null,
          "key": undefined,
          "nodeType": "function",
          "props": Object {
            "children": <DesktopNav
              isAuthenticated={false}
              routes={
                Array [
                  Object {
                    "exact": true,
                    "name": "Home",
                    "path": "/",
                  },
                  Object {
                    "authRequired": true,
                    "name": "Dashboard",
                    "path": "/dashboard",
                  },
                  Object {
                    "name": "About Us",
                    "path": "/about",
                  },
                  Object {
                    "name": "Membership",
                    "path": "/membership",
                  },
                  Object {
                    "name": "Events",
                    "path": "/events",
                  },
                  Object {
                    "name": "Shop",
                    "path": "/shop",
                  },
                ]
              }
            />,
            "implementation": "js",
            "lgDown": false,
            "lgUp": false,
            "mdDown": false,
            "mdUp": false,
            "smDown": true,
            "smUp": false,
            "xlDown": false,
            "xlUp": false,
            "xsDown": false,
            "xsUp": false,
          },
          "ref": null,
          "rendered": Object {
            "instance": null,
            "key": undefined,
            "nodeType": "function",
            "props": Object {
              "isAuthenticated": false,
              "routes": Array [
                Object {
                  "exact": true,
                  "name": "Home",
                  "path": "/",
                },
                Object {
                  "authRequired": true,
                  "name": "Dashboard",
                  "path": "/dashboard",
                },
                Object {
                  "name": "About Us",
                  "path": "/about",
                },
                Object {
                  "name": "Membership",
                  "path": "/membership",
                },
                Object {
                  "name": "Events",
                  "path": "/events",
                },
                Object {
                  "name": "Shop",
                  "path": "/shop",
                },
              ],
            },
            "ref": null,
            "rendered": null,
            "type": [Function],
          },
          "type": [Function],
        },
        Object {
          "instance": null,
          "key": undefined,
          "nodeType": "function",
          "props": Object {
            "children": <MobileNav
              isAuthenticated={false}
              routes={
                Array [
                  Object {
                    "exact": true,
                    "name": "Home",
                    "path": "/",
                  },
                  Object {
                    "authRequired": true,
                    "name": "Dashboard",
                    "path": "/dashboard",
                  },
                  Object {
                    "name": "About Us",
                    "path": "/about",
                  },
                  Object {
                    "name": "Membership",
                    "path": "/membership",
                  },
                  Object {
                    "name": "Events",
                    "path": "/events",
                  },
                  Object {
                    "name": "Shop",
                    "path": "/shop",
                  },
                ]
              }
            />,
            "implementation": "js",
            "lgDown": false,
            "lgUp": false,
            "mdDown": false,
            "mdUp": true,
            "smDown": false,
            "smUp": false,
            "xlDown": false,
            "xlUp": false,
            "xsDown": false,
            "xsUp": false,
          },
          "ref": null,
          "rendered": Object {
            "instance": null,
            "key": undefined,
            "nodeType": "function",
            "props": Object {
              "isAuthenticated": false,
              "routes": Array [
                Object {
                  "exact": true,
                  "name": "Home",
                  "path": "/",
                },
                Object {
                  "authRequired": true,
                  "name": "Dashboard",
                  "path": "/dashboard",
                },
                Object {
                  "name": "About Us",
                  "path": "/about",
                },
                Object {
                  "name": "Membership",
                  "path": "/membership",
                },
                Object {
                  "name": "Events",
                  "path": "/events",
                },
                Object {
                  "name": "Shop",
                  "path": "/shop",
                },
              ],
            },
            "ref": null,
            "rendered": null,
            "type": [Function],
          },
          "type": [Function],
        },
      ],
      "type": [Function],
    },
  ],
  Symbol(enzyme.__options__): Object {
    "adapter": ReactSixteenAdapter {
      "options": Object {
        "enableComponentDidUpdateOnSetState": true,
        "legacyContextMode": "parent",
        "lifecycles": Object {
          "componentDidUpdate": Object {
            "onSetState": true,
          },
          "getChildContext": Object {
            "calledByRenderer": false,
          },
          "getDerivedStateFromProps": Object {
            "hasShouldComponentUpdateBug": false,
          },
          "getSnapshotBeforeUpdate": true,
          "setState": Object {
            "skipsComponentDidUpdateOnNullish": true,
          },
        },
      },
    },
  },
}
`;
